using System;
using Microsoft.EntityFrameworkCore;
using Microsoft.EntityFrameworkCore.Metadata;

namespace E2ETest.Namespace
{
    public partial class ColumnsWithSequencesContext : DbContext
    {
        public virtual DbSet<IdNonSerialSequence> IdNonSerialSequence { get; set; }
        public virtual DbSet<IdSerialSequence> IdSerialSequence { get; set; }
        public virtual DbSet<NonSerialSequence> NonSerialSequence { get; set; }
        public virtual DbSet<SerialSequence> SerialSequence { get; set; }

        protected override void OnConfiguring(DbContextOptionsBuilder optionsBuilder)
        {
            #warning To protect potentially sensitive information in your connection string, you should move it out of source code. See http://go.microsoft.com/fwlink/?LinkId=723263 for guidance on storing connection strings.
            optionsBuilder.UseNpgsql(@"{{connectionString}}");
        }

        protected override void OnModelCreating(ModelBuilder modelBuilder)
        {
            modelBuilder.Entity<IdNonSerialSequence>(entity =>
            {
                entity.Property(e => e.Id).HasDefaultValueSql("nextval('\"IdSomeSequence\"'::regclass)");
            });

            modelBuilder.Entity<NonSerialSequence>(entity =>
            {
                entity.Property(e => e.Id).ValueGeneratedNever();

                entity.Property(e => e.SomeField).HasDefaultValueSql("nextval('\"SomeSequence\"'::regclass)");
            });

            modelBuilder.Entity<SerialSequence>(entity =>
            {
                entity.Property(e => e.Id).ValueGeneratedNever();

                entity.Property(e => e.SomeField).ValueGeneratedOnAdd();
            });

            modelBuilder.HasSequence("IdSomeSequence");

            modelBuilder.HasSequence("SomeSequence");
        }
    }
}