using System;
using System.Collections.Generic;

namespace E2ETest.Namespace
{
    public partial class AllDataTypes
    {
        public int AllDataTypesId { get; set; }
        public short SmallintColumn { get; set; }
        public int IntColumn { get; set; }
        public long BigintColumn { get; set; }
        public float? RealColumn { get; set; }
        public double DoubleColumn { get; set; }
        public decimal DecimalColumn { get; set; }
        public decimal NumericColumn { get; set; }
        public decimal MoneyColumn { get; set; }
        public char? CharColumn { get; set; }
        public string TextColumn { get; set; }
        public string VarcharColumn { get; set; }
        public DateTime DateColumn { get; set; }
        public DateTime? TimestampColumn { get; set; }
        public DateTime? TimestampTzColumn { get; set; }
        public TimeSpan? TimeColumn { get; set; }
        public byte[] ByteaColumn { get; set; }
        public bool BoolColumn { get; set; }
        public Guid? UuidColumn { get; set; }
    }
}
