using System;
using System.Collections.Generic;
using System.ComponentModel.DataAnnotations;
using System.ComponentModel.DataAnnotations.Schema;

namespace E2ETest.Namespace
{
    public partial class AllDataTypes
    {
        [Column("AllDataTypesID")]
        public int AllDataTypesId { get; set; }
        [Column("smallintColumn")]
        public short SmallintColumn { get; set; }
        [Column("intColumn")]
        public int IntColumn { get; set; }
        [Column("bigintColumn")]
        public long BigintColumn { get; set; }
        [Column("realColumn")]
        public float? RealColumn { get; set; }
        [Column("doubleColumn")]
        public double DoubleColumn { get; set; }
        [Column("decimalColumn")]
        public decimal DecimalColumn { get; set; }
        [Column("numericColumn")]
        public decimal NumericColumn { get; set; }
        [Column("moneyColumn", TypeName = "money")]
        public decimal MoneyColumn { get; set; }
        [Column("charColumn", TypeName = "bpchar")]
        [MaxLength(1)]
        public string CharColumn { get; set; }
        [Column("textColumn")]
        public string TextColumn { get; set; }
        [Column("varcharColumn", TypeName = "varchar")]
        public string VarcharColumn { get; set; }
        [Column("dateColumn", TypeName = "date")]
        public DateTime DateColumn { get; set; }
        [Column("timestampColumn")]
        public DateTime? TimestampColumn { get; set; }
        [Column("timestampTzColumn", TypeName = "timestamptz")]
        public DateTime? TimestampTzColumn { get; set; }
        [Column("timeColumn", TypeName = "time")]
        public TimeSpan? TimeColumn { get; set; }
        [Column("byteaColumn")]
        public byte[] ByteaColumn { get; set; }
        [Column("boolColumn")]
        public bool BoolColumn { get; set; }
        [Column("uuidColumn")]
        public Guid? UuidColumn { get; set; }
    }
}
